;  LST file generated by mikroListExporter - v.2.0 
; Date/Time: 5/15/2026 3:12:59 PM
;----------------------------------------------

;Address Opcode 	ASM
0x0000	0x2803      	GOTO       3
_main:
;MyProject.c,4 :: 		void main() {
;MyProject.c,6 :: 		CMCON = 0x07; // Hint: Disable Comparator
0x0003	0x3007      	MOVLW      7
0x0004	0x1283      	BCF        STATUS, 5
0x0005	0x1303      	BCF        STATUS, 6
0x0006	0x009F      	MOVWF      CMCON
;MyProject.c,7 :: 		TRISA = 0x00; // Hint: Configure TRISA register
0x0007	0x1683      	BSF        STATUS, 5
0x0008	0x0185      	CLRF       TRISA
;MyProject.c,8 :: 		TRISB = 0x00; // Hint: Configure TRISB register
0x0009	0x0186      	CLRF       TRISB
;MyProject.c,9 :: 		PORTB = 0x00 ; // Hint: Initialize PORTB register
0x000A	0x1283      	BCF        STATUS, 5
0x000B	0x0186      	CLRF       PORTB
;MyProject.c,10 :: 		RA2_bit = 0x00 ; // Hint: Set RA2_bit to low state
0x000C	0x1105      	BCF        RA2_bit, BitPos(RA2_bit+0)
;MyProject.c,12 :: 		do {
L_main0:
;MyProject.c,14 :: 		if(sw == 1 ) {
0x000D	0x1D05      	BTFSS      RA2_bit, BitPos(RA2_bit+0)
0x000E	0x2811      	GOTO       L_main3
;MyProject.c,16 :: 		PORTB = 0X00;
0x000F	0x0186      	CLRF       PORTB
;MyProject.c,17 :: 		}
0x0010	0x2813      	GOTO       L_main4
L_main3:
;MyProject.c,20 :: 		PORTB = 0XFF;
0x0011	0x30FF      	MOVLW      255
0x0012	0x0086      	MOVWF      PORTB
;MyProject.c,21 :: 		}
L_main4:
;MyProject.c,22 :: 		} while(1); // Hint: Enter a condition for the infinite loop
0x0013	0x280D      	GOTO       L_main0
;MyProject.c,23 :: 		}
L_end_main:
0x0014	0x2814      	GOTO       $+0
; end of _main
Symbol List:
//** Routines locations **
//ADDRESS    SIZE    PROCEDURE
//----------------------------------------------
0x0003      [18]    _main
//** Variables locations ** 
//ADDRESS    SIZE    VARIABLE
//----------------------------------------------
0x0000       [1]    INDF
0x0003       [1]    STATUS
0x0004       [1]    FSR
0x0005       [0]    sw
0x0005       [0]    RA2_bit
0x0006       [1]    PORTB
0x000A       [1]    PCLATH
0x001F       [1]    CMCON
0x0020       [2]    ___DoICPAddr
0x0070       [1]    R0
0x0071       [1]    R1
0x0072       [1]    R2
0x0073       [1]    R3
0x0074       [1]    R4
0x0075       [1]    R5
0x0076       [1]    R6
0x0077       [1]    R7
0x0078       [1]    R8
0x0079       [1]    R9
0x007A       [1]    R10
0x007B       [1]    R11
0x007C       [1]    R12
0x007D       [1]    R13
0x007E       [1]    R14
0x007F       [1]    R15
0x0085       [1]    TRISA
0x0086       [1]    TRISB
