;  LST file generated by mikroListExporter - v.2.0 
; Date/Time: 4/24/2026 2:14:42 PM
;----------------------------------------------

;Address Opcode 	ASM
0x0000	0x2803      	GOTO       3
_main:
;lab1.c,1 :: 		void main() {
;lab1.c,2 :: 		CMCON=0x07; //Disable comparators
0x0003	0x3007      	MOVLW      7
0x0004	0x1283      	BCF        STATUS, 5
0x0005	0x1303      	BCF        STATUS, 6
0x0006	0x009F      	MOVWF      CMCON
;lab1.c,3 :: 		TRISB=0x00; // Configure PORTB as output
0x0007	0x1683      	BSF        STATUS, 5
0x0008	0x0186      	CLRF       TRISB
;lab1.c,5 :: 		do{
L_main0:
;lab1.c,6 :: 		PORTB = 0xFF; //Turn ON all LEDs on PORTB
0x0009	0x30FF      	MOVLW      255
0x000A	0x1283      	BCF        STATUS, 5
0x000B	0x0086      	MOVWF      PORTB
;lab1.c,7 :: 		Delay_ms(500); //500 ms Delay
0x000C	0x3006      	MOVLW      6
0x000D	0x00FB      	MOVWF      R11
0x000E	0x3013      	MOVLW      19
0x000F	0x00FC      	MOVWF      R12
0x0010	0x30AD      	MOVLW      173
0x0011	0x00FD      	MOVWF      R13
L_main3:
0x0012	0x0BFD      	DECFSZ     R13, 1
0x0013	0x2812      	GOTO       L_main3
0x0014	0x0BFC      	DECFSZ     R12, 1
0x0015	0x2812      	GOTO       L_main3
0x0016	0x0BFB      	DECFSZ     R11, 1
0x0017	0x2812      	GOTO       L_main3
0x0018	0x0000      	NOP
0x0019	0x0000      	NOP
;lab1.c,9 :: 		PORTB =0x00; //Turn OFF all LEDs on PORTB
0x001A	0x0186      	CLRF       PORTB
;lab1.c,10 :: 		Delay_ms(500); //500ms Delay
0x001B	0x3006      	MOVLW      6
0x001C	0x00FB      	MOVWF      R11
0x001D	0x3013      	MOVLW      19
0x001E	0x00FC      	MOVWF      R12
0x001F	0x30AD      	MOVLW      173
0x0020	0x00FD      	MOVWF      R13
L_main4:
0x0021	0x0BFD      	DECFSZ     R13, 1
0x0022	0x2821      	GOTO       L_main4
0x0023	0x0BFC      	DECFSZ     R12, 1
0x0024	0x2821      	GOTO       L_main4
0x0025	0x0BFB      	DECFSZ     R11, 1
0x0026	0x2821      	GOTO       L_main4
0x0027	0x0000      	NOP
0x0028	0x0000      	NOP
;lab1.c,13 :: 		while(1); // infinite loop
0x0029	0x2809      	GOTO       L_main0
;lab1.c,14 :: 		}
L_end_main:
0x002A	0x282A      	GOTO       $+0
; end of _main
Symbol List:
//** Routines locations **
//ADDRESS    SIZE    PROCEDURE
//----------------------------------------------
0x0003      [40]    _main
//** Variables locations ** 
//ADDRESS    SIZE    VARIABLE
//----------------------------------------------
0x0000       [1]    INDF
0x0003       [1]    STATUS
0x0004       [1]    FSR
0x0006       [1]    PORTB
0x000A       [1]    PCLATH
0x001F       [1]    CMCON
0x0020       [2]    ___DoICPAddr
0x0070       [1]    R0
0x0071       [1]    R1
0x0072       [1]    R2
0x0073       [1]    R3
0x0074       [1]    R4
0x0075       [1]    R5
0x0076       [1]    R6
0x0077       [1]    R7
0x0078       [1]    R8
0x0079       [1]    R9
0x007A       [1]    R10
0x007B       [1]    R11
0x007C       [1]    R12
0x007D       [1]    R13
0x007E       [1]    R14
0x007F       [1]    R15
0x0086       [1]    TRISB
